******************************************************************************
                  TI ARM Linker PC v20.2.7                     
******************************************************************************
>> Linked Fri May  3 18:03:54 2024

OUTPUT FILE NAME:   <IO_STRUCT_v2.out>
ENTRY POINT SYMBOL: "_c_int00_noargs"  address: 0000088d


MEMORY CONFIGURATION

         name            origin    length      used     unused   attr    fill
----------------------  --------  ---------  --------  --------  ----  --------
  MAIN                  00000000   00040000  0000092c  0003f6d4  R  X
  INFO                  00200000   00004000  00000000  00004000  R  X
  SRAM_CODE             01000000   00010000  00000204  0000fdfc  RW X
  SRAM_DATA             20000000   00010000  00000204  0000fdfc  RW  


SEGMENT ALLOCATION MAP

run origin  load origin   length   init length attrs members
----------  ----------- ---------- ----------- ----- -------
00000000    00000000    00000930   00000930    r-x
  00000000    00000000    000000e4   000000e4    r-- .intvecs
  000000e4    000000e4    00000800   00000800    r-x .text
  000008e4    000008e4    00000030   00000030    r-- .const
  00000918    00000918    00000018   00000018    r-- .cinit
20000000    20000000    00000004   00000000    rw-
  20000000    20000000    00000004   00000000    rw- .data
2000fe00    2000fe00    00000200   00000000    rw-
  2000fe00    2000fe00    00000200   00000000    rw- .stack


SECTION ALLOCATION MAP

 output                                  attributes/
section   page    origin      length       input sections
--------  ----  ----------  ----------   ----------------
.intvecs   0    00000000    000000e4     
                  00000000    000000e4     startup_msp432p401r_ccs.obj (.intvecs:retain)

.text      0    000000e4    00000800     
                  000000e4    00000334     system_msp432p401r.obj (.text)
                  00000418    00000224     gpio_2021.obj (.text)
                  0000063c    00000108     main.obj (.text)
                  00000744    0000009c     rtsv7M4_T_le_v4SPD16_eabi.lib : memcpy_t2.asm.obj (.text)
                  000007e0    00000068                                   : copy_decompress_lzss.c.obj (.text:decompress:lzss:__TI_decompress_lzss)
                  00000848    00000044                                   : autoinit.c.obj (.text:__TI_auto_init_nobinit_nopinit:__TI_auto_init_nobinit_nopinit)
                  0000088c    00000034                                   : boot_cortex_m.c.obj (.text:_c_int00_noargs:_c_int00_noargs)
                  000008c0    0000000e                                   : copy_decompress_none.c.obj (.text:decompress:none:__TI_decompress_none)
                  000008ce    0000000e     startup_msp432p401r_ccs.obj (.text)
                  000008dc    00000004     rtsv7M4_T_le_v4SPD16_eabi.lib : pre_init.c.obj (.text:_system_pre_init)
                  000008e0    00000004                                   : exit.c.obj (.text:abort:abort)

.const     0    000008e4    00000030     
                  000008e4    00000030     gpio_2021.obj (.const:GPIO_PORT_TO_BASE)

.cinit     0    00000918    00000018     
                  00000918    00000008     (.cinit..data.load) [load image, compression = lzss]
                  00000920    00000008     (__TI_handler_table)
                  00000928    00000008     (__TI_cinit_table)

.init_array 
*          0    00000000    00000000     UNINITIALIZED

.binit     0    00000000    00000000     

.data      0    20000000    00000004     UNINITIALIZED
                  20000000    00000004     system_msp432p401r.obj (.data)

.stack     0    2000fe00    00000200     UNINITIALIZED
                  2000fe00    00000004     rtsv7M4_T_le_v4SPD16_eabi.lib : boot_cortex_m.c.obj (.stack)
                  2000fe04    000001fc     --HOLE--

__llvm_prf_cnts 
*          0    20000000    00000000     UNINITIALIZED

MODULE SUMMARY

       Module                        code   ro data   rw data
       ------                        ----   -------   -------
    .\
       system_msp432p401r.obj        820    0         8      
       main.obj                      264    0         0      
       startup_msp432p401r_ccs.obj   14     228       0      
    +--+-----------------------------+------+---------+---------+
       Total:                        1098   228       8      
                                                             
    .\DRIVERS\
       gpio_2021.obj                 548    48        0      
    +--+-----------------------------+------+---------+---------+
       Total:                        548    48        0      
                                                             
    C:\ti\ccs1260\ccs\tools\compiler\ti-cgt-arm_20.2.7.LTS\lib\rtsv7M4_T_le_v4SPD16_eabi.lib
       memcpy_t2.asm.obj             156    0         0      
       copy_decompress_lzss.c.obj    104    0         0      
       autoinit.c.obj                68     0         0      
       boot_cortex_m.c.obj           52     0         0      
       copy_decompress_none.c.obj    14     0         0      
       exit.c.obj                    4      0         0      
       pre_init.c.obj                4      0         0      
    +--+-----------------------------+------+---------+---------+
       Total:                        402    0         0      
                                                             
       Stack:                        0      0         1024   
       Linker Generated:             0      24        0      
    +--+-----------------------------+------+---------+---------+
       Grand Total:                  2048   300       1032   


LINKER GENERATED COPY TABLES

__TI_cinit_table @ 00000928 records: 1, size/record: 8, table size: 8
	.data: load addr=00000918, load size=00000008 bytes, run addr=20000000, run size=00000004 bytes, compression=lzss


LINKER GENERATED HANDLER TABLE

__TI_handler_table @ 00000920 records: 2, size/record: 4, table size: 8
	index: 0, handler: __TI_decompress_lzss
	index: 1, handler: __TI_decompress_none


GLOBAL SYMBOLS: SORTED ALPHABETICALLY BY Name 

address   name                          
-------   ----                          
000008db  ADC14_IRQHandler              
000008db  AES256_IRQHandler             
000008db  BusFault_Handler              
000008e1  C$$EXIT                       
000008db  COMP_E0_IRQHandler            
000008db  COMP_E1_IRQHandler            
000008db  CS_IRQHandler                 
000008db  DMA_ERR_IRQHandler            
000008db  DMA_INT0_IRQHandler           
000008db  DMA_INT1_IRQHandler           
000008db  DMA_INT2_IRQHandler           
000008db  DMA_INT3_IRQHandler           
000008db  DebugMon_Handler              
000008db  Default_Handler               
000008db  EUSCIA0_IRQHandler            
000008db  EUSCIA1_IRQHandler            
000008db  EUSCIA2_IRQHandler            
000008db  EUSCIA3_IRQHandler            
000008db  EUSCIB0_IRQHandler            
000008db  EUSCIB1_IRQHandler            
000008db  EUSCIB2_IRQHandler            
000008db  EUSCIB3_IRQHandler            
000008db  FLCTL_IRQHandler              
000008db  FPU_IRQHandler                
000005af  GPIO_getPinValor              
0000056f  GPIO_setPinAlto               
0000052f  GPIO_setPinBajo               
0000049f  GPIO_setPinEntradaconPullUp   
00000437  GPIO_setPinSalida             
00000419  Gpio_Pin_in                   
000005f9  Gpio_init2021                 
000008db  HardFault_Handler             
000008db  MemManage_Handler             
000008db  NMI_Handler                   
000008db  PCM_IRQHandler                
000008db  PORT1_IRQHandler              
000008db  PORT2_IRQHandler              
000008db  PORT3_IRQHandler              
000008db  PORT4_IRQHandler              
000008db  PORT5_IRQHandler              
000008db  PORT6_IRQHandler              
000008db  PSS_IRQHandler                
000008db  PendSV_Handler                
000008db  RTC_C_IRQHandler              
000008cf  Reset_Handler                 
000008db  SVC_Handler                   
000008db  SysTick_Handler               
20000000  SystemCoreClock               
000000e5  SystemCoreClockUpdate         
0000035d  SystemInit                    
000008db  T32_INT1_IRQHandler           
000008db  T32_INT2_IRQHandler           
000008db  T32_INTC_IRQHandler           
000008db  TA0_0_IRQHandler              
000008db  TA0_N_IRQHandler              
000008db  TA1_0_IRQHandler              
000008db  TA1_N_IRQHandler              
000008db  TA2_0_IRQHandler              
000008db  TA2_N_IRQHandler              
000008db  TA3_0_IRQHandler              
000008db  TA3_N_IRQHandler              
000008db  UsageFault_Handler            
4000480c  WDTCTL_SYM                    
000008db  WDT_A_IRQHandler              
20010000  __STACK_END                   
00000200  __STACK_SIZE                  
00000928  __TI_CINIT_Base               
00000930  __TI_CINIT_Limit              
00000920  __TI_Handler_Table_Base       
00000928  __TI_Handler_Table_Limit      
00000849  __TI_auto_init_nobinit_nopinit
000007e1  __TI_decompress_lzss          
000008c1  __TI_decompress_none          
ffffffff  __TI_pprof_out_hndl           
ffffffff  __TI_prof_data_size           
ffffffff  __TI_prof_data_start          
00000000  __TI_static_base__            
00000745  __aeabi_memcpy                
00000745  __aeabi_memcpy4               
00000745  __aeabi_memcpy8               
ffffffff  __binit__                     
ffffffff  __c_args__                    
UNDEFED   __mpu_init                    
2000fe00  __stack                       
20000000  __start___llvm_prf_cnts       
20000000  __stop___llvm_prf_cnts        
0000088d  _c_int00_noargs               
UNDEFED   _system_post_cinit            
000008dd  _system_pre_init              
000008e1  abort                         
ffffffff  binit                         
00000000  interruptVectors              
0000063d  main                          
00000745  memcpy                        


GLOBAL SYMBOLS: SORTED BY Symbol Address 

address   name                          
-------   ----                          
00000000  __TI_static_base__            
00000000  interruptVectors              
000000e5  SystemCoreClockUpdate         
00000200  __STACK_SIZE                  
0000035d  SystemInit                    
00000419  Gpio_Pin_in                   
00000437  GPIO_setPinSalida             
0000049f  GPIO_setPinEntradaconPullUp   
0000052f  GPIO_setPinBajo               
0000056f  GPIO_setPinAlto               
000005af  GPIO_getPinValor              
000005f9  Gpio_init2021                 
0000063d  main                          
00000745  __aeabi_memcpy                
00000745  __aeabi_memcpy4               
00000745  __aeabi_memcpy8               
00000745  memcpy                        
000007e1  __TI_decompress_lzss          
00000849  __TI_auto_init_nobinit_nopinit
0000088d  _c_int00_noargs               
000008c1  __TI_decompress_none          
000008cf  Reset_Handler                 
000008db  ADC14_IRQHandler              
000008db  AES256_IRQHandler             
000008db  BusFault_Handler              
000008db  COMP_E0_IRQHandler            
000008db  COMP_E1_IRQHandler            
000008db  CS_IRQHandler                 
000008db  DMA_ERR_IRQHandler            
000008db  DMA_INT0_IRQHandler           
000008db  DMA_INT1_IRQHandler           
000008db  DMA_INT2_IRQHandler           
000008db  DMA_INT3_IRQHandler           
000008db  DebugMon_Handler              
000008db  Default_Handler               
000008db  EUSCIA0_IRQHandler            
000008db  EUSCIA1_IRQHandler            
000008db  EUSCIA2_IRQHandler            
000008db  EUSCIA3_IRQHandler            
000008db  EUSCIB0_IRQHandler            
000008db  EUSCIB1_IRQHandler            
000008db  EUSCIB2_IRQHandler            
000008db  EUSCIB3_IRQHandler            
000008db  FLCTL_IRQHandler              
000008db  FPU_IRQHandler                
000008db  HardFault_Handler             
000008db  MemManage_Handler             
000008db  NMI_Handler                   
000008db  PCM_IRQHandler                
000008db  PORT1_IRQHandler              
000008db  PORT2_IRQHandler              
000008db  PORT3_IRQHandler              
000008db  PORT4_IRQHandler              
000008db  PORT5_IRQHandler              
000008db  PORT6_IRQHandler              
000008db  PSS_IRQHandler                
000008db  PendSV_Handler                
000008db  RTC_C_IRQHandler              
000008db  SVC_Handler                   
000008db  SysTick_Handler               
000008db  T32_INT1_IRQHandler           
000008db  T32_INT2_IRQHandler           
000008db  T32_INTC_IRQHandler           
000008db  TA0_0_IRQHandler              
000008db  TA0_N_IRQHandler              
000008db  TA1_0_IRQHandler              
000008db  TA1_N_IRQHandler              
000008db  TA2_0_IRQHandler              
000008db  TA2_N_IRQHandler              
000008db  TA3_0_IRQHandler              
000008db  TA3_N_IRQHandler              
000008db  UsageFault_Handler            
000008db  WDT_A_IRQHandler              
000008dd  _system_pre_init              
000008e1  C$$EXIT                       
000008e1  abort                         
00000920  __TI_Handler_Table_Base       
00000928  __TI_CINIT_Base               
00000928  __TI_Handler_Table_Limit      
00000930  __TI_CINIT_Limit              
20000000  SystemCoreClock               
20000000  __start___llvm_prf_cnts       
20000000  __stop___llvm_prf_cnts        
2000fe00  __stack                       
20010000  __STACK_END                   
4000480c  WDTCTL_SYM                    
ffffffff  __TI_pprof_out_hndl           
ffffffff  __TI_prof_data_size           
ffffffff  __TI_prof_data_start          
ffffffff  __binit__                     
ffffffff  __c_args__                    
ffffffff  binit                         
UNDEFED   __mpu_init                    
UNDEFED   _system_post_cinit            

[94 symbols]
